// Jest Snapshot v1, https://goo.gl/fbAQLP

exports[`<SeachFilter data={data.results} /> renders correctly 1`] = `
<div
  className="characters__container"
>
  <form
    className="search-filter"
  >
    <input
      className="search-filter__field"
      onChange={[Function]}
      placeholder="Enter your favourite character..."
      type="text"
      value=""
    />
  </form>
  <div
    className="character__grid"
  >
    <div
      className="character__details"
    >
      <img
        alt="Toxic Rick"
        className="character__details--image"
        src="https://rickandmortyapi.com/api/character/avatar/361.jpeg"
        title="Toxic Rick"
      />
      <h3
        className="character__title"
      >
        Toxic Rick
      </h3>
      <button
        className="modal__button"
        onClick={[Function]}
      >
        View details
      </button>
    </div>
  </div>
</div>
`;
